C:\Users\prakr>git add Prakriti Mukherjee(Multimedia)
fatal: not a git repository (or any of the parent directories): .git

C:\Users\prakr>git add Prakriti Mukherjee(Multimedia).docx
fatal: not a git repository (or any of the parent directories): .git

C:\Users\prakr>git add Prakriti Mukherjee(Multimedia).DOCX
fatal: not a git repository (or any of the parent directories): .git

C:\Users\prakr>cd ProjectFolder

C:\Users\prakr\ProjectFolder>cd liza

C:\Users\prakr\ProjectFolder\liza>git add Prakriti Mukherjee(Multimedia).DOCX
fatal: pathspec 'Prakriti' did not match any files

C:\Users\prakr\ProjectFolder\liza>git add PrakritiMukherjee(Multimedia).DOCX

C:\Users\prakr\ProjectFolder\liza>git status
On branch main
Your branch is up to date with 'origin/main'.

Changes not staged for commit:
  (use "git add/rm <file>..." to update what will be committed)
  (use "git restore <file>..." to discard changes in working directory)
        deleted:    ~$hi_CYBER SECURITY_CA2.docx

Untracked files:
  (use "git add <file>..." to include in what will be committed)
        PrakritiMukherjee(Multimedia).docx

no changes added to commit (use "git add" and/or "git commit -a")

C:\Users\prakr\ProjectFolder\liza>git commit -m "3rd commit"
On branch main
Your branch is up to date with 'origin/main'.

Changes not staged for commit:
  (use "git add/rm <file>..." to update what will be committed)
  (use "git restore <file>..." to discard changes in working directory)
        deleted:    ~$hi_CYBER SECURITY_CA2.docx

Untracked files:
  (use "git add <file>..." to include in what will be committed)
        PrakritiMukherjee(Multimedia).docx

no changes added to commit (use "git add" and/or "git commit -a")

C:\Users\prakr\ProjectFolder\liza>git push origin
Everything up-to-date

C:\Users\prakr\ProjectFolder\liza>qz/
'qz' is not recognized as an internal or external command,
operable program or batch file.

C:\Users\prakr\ProjectFolder\liza>git status
On branch main
Your branch is up to date with 'origin/main'.

Changes not staged for commit:
  (use "git add/rm <file>..." to update what will be committed)
  (use "git restore <file>..." to discard changes in working directory)
        deleted:    ~$hi_CYBER SECURITY_CA2.docx

Untracked files:
  (use "git add <file>..." to include in what will be committed)
        PrakritiMukherjee(Multimedia).docx

no changes added to commit (use "git add" and/or "git commit -a")

C:\Users\prakr\ProjectFolder\liza>




